// Jest Snapshot v1, https://goo.gl/fbAQLP

exports[`Alert snapshots falsey message snapshot 1`] = `<DocumentFragment />`;

exports[`Alert snapshots truthy message snapshot 1`] = `
<DocumentFragment>
  <p
    class="alert"
  >
    test
  </p>
</DocumentFragment>
`;
