// Jest Snapshot v1, https://goo.gl/fbAQLP

exports[`Audio snapshot 1`] = `
<DocumentFragment>
  <audio
    data-testid="audio"
    src=""
  />
</DocumentFragment>
`;
