// Jest Snapshot v1, https://goo.gl/fbAQLP

exports[`ConfirmPassword snapshot 1`] = `
<DocumentFragment>
  <div
    class="container"
  >
    <form
      aria-label="form"
      class="confirm-password"
    >
      <label
        for="confirm"
      >
        <span>
          Confirm Password
        </span>
        <input
          id="confirm"
          type="password"
        />
      </label>
      <div>
        <button
          class="confirm"
          type="submit"
        >
          Confirm
        </button>
        <button
          class="cancel"
          type="button"
        >
          Cancel
        </button>
      </div>
    </form>
  </div>
</DocumentFragment>
`;
