// Jest Snapshot v1, https://goo.gl/fbAQLP

exports[`Playlist snapshot 1`] = `
<DocumentFragment>
  <button
    class="toggle_playlist"
    type="button"
  >
    <img
      alt="playlist"
      data-nimg="1"
      decoding="async"
      height="30"
      loading="lazy"
      src="/_next/image?url=%2Fimg.jpg&w=64&q=75"
      srcset="/_next/image?url=%2Fimg.jpg&w=32&q=75 1x, /_next/image?url=%2Fimg.jpg&w=64&q=75 2x"
      style="color: transparent;"
      width="30"
    />
  </button>
</DocumentFragment>
`;
