// Jest Snapshot v1, https://goo.gl/fbAQLP

exports[`ProgressBar snapshot 1`] = `
<DocumentFragment>
  <div
    class="container"
  >
    <input
      class="bar"
      max="100"
      min="0"
      name="time"
      type="range"
      value="10"
    />
  </div>
</DocumentFragment>
`;
