// Jest Snapshot v1, https://goo.gl/fbAQLP

exports[`EditProfile no user snapshot 1`] = `<DocumentFragment />`;
