// Jest Snapshot v1, https://goo.gl/fbAQLP

exports[`SignUp snapshot 1`] = `
<DocumentFragment>
  <div>
    <form>
      <h2>
        Login
      </h2>
      <label
        for="email"
      >
        <span>
          Email
        </span>
        <input
          id="email"
          name="email"
          type="text"
          value=""
        />
      </label>
      <label
        for="password"
      >
        <span>
          Password
        </span>
        <input
          id="password"
          name="password"
          type="password"
          value=""
        />
      </label>
      <button
        type="submit"
      >
        Login
      </button>
    </form>
    <p>
      Don't have an account? 
      <a
        href="/signup"
      >
        Signup here
      </a>
    </p>
  </div>
</DocumentFragment>
`;
