// Jest Snapshot v1, https://goo.gl/fbAQLP

exports[`Logout snapshot 1`] = `
<DocumentFragment>
  <div>
    <h2>
      Are You Sure?
    </h2>
    <button
      type="button"
    >
      Logout
    </button>
  </div>
</DocumentFragment>
`;
