// Jest Snapshot v1, https://goo.gl/fbAQLP

exports[`SignUp snapshot 1`] = `
<DocumentFragment>
  <div>
    <form>
      <h2>
        Please Signup
      </h2>
      <label
        for="name"
      >
        <span>
          Username
        </span>
        <input
          id="name"
          name="name"
          type="text"
          value=""
        />
      </label>
      <label
        for="email"
      >
        <span>
          Email
        </span>
        <input
          id="email"
          name="email"
          type="text"
          value=""
        />
      </label>
      <label
        for="password"
      >
        <span>
          Password
        </span>
        <input
          id="password"
          name="password"
          type="password"
          value=""
        />
      </label>
      <label
        for="confirmPassword"
      >
        <span>
          Confirm Password
        </span>
        <input
          id="confirmPassword"
          name="confirmPassword"
          type="password"
          value=""
        />
      </label>
      <button
        type="submit"
      >
        SignUp
      </button>
    </form>
    <p>
      Already have an account? 
      <a
        href="/login"
      >
        Login here
      </a>
    </p>
  </div>
</DocumentFragment>
`;
